
╔════════════════════════════════════════════════════════════════╗
║                                                                 ║
║     🧪 COMPREHENSIVE SYSTEM TEST SUITE                          ║
║                                                                 ║
║     Testing: Alpha Testing Game - Module 2.2 Complete          ║
║                                                                 ║
╚════════════════════════════════════════════════════════════════╝

[0;36m📍 Test Environment:[0m
  • Local:      http://localhost:3000
  • Production: https://ovidiuguru.online

[0;35m╔═══════════════════════════════════════════════════════════╗[0m
[0;35m║  SECTION 1: PRODUCTION TESTS (ovidiuguru.online)          ║[0m
[0;35m╚═══════════════════════════════════════════════════════════╝[0m

[0;34m🌐 Homepage & Static Files[0m
  [Test 1] Homepage loads... [0;32mPASS[0m
  [Test 2] Main JS loads... [0;32mPASS[0m

[0;34m🔓 Public APIs (No Authentication)[0m
  [Test 3] System Status... [0;32mPASS[0m
  [Test 4] Companies List... [0;32mPASS[0m
  [Test 5] Health Check (Economy)... [0;31mFAIL[0m (Content not found: ok)

[0;34m🔐 Authentication Flow[0m
  [Test 6] Login successful [0;32mPASS[0m
  [Test 7] Token Verify... [0;32mPASS[0m

[0;34m👥 Admin Panel APIs[0m
  [Test 8] Admin Users List... [0;32mPASS[0m

[0;34m💼 Work System APIs[0m
  [Test 9] Work Status... [0;32mPASS[0m
  [Test 10] Work Preview... [0;31mFAIL[0m (Status: 500, Expected: 200)

[0;34m🏗️ Work Execution Test[0m
  [Skip] Cannot work (cooldown active or insufficient energy)

[0;35m╔═══════════════════════════════════════════════════════════╗[0m
[0;35m║  SECTION 2: LOCAL TESTS (localhost:3000)                  ║[0m
[0;35m╚═══════════════════════════════════════════════════════════╝[0m

[0;34m🏠 Local Server Health[0m
  [Test 11] Local Homepage... [0;32mPASS[0m
  [Test 12] Local API Proxy... [0;31mFAIL[0m (Content not found: ok)

[0;35m╔═══════════════════════════════════════════════════════════╗[0m
[0;35m║  SECTION 3: DATABASE VERIFICATION                         ║[0m
[0;35m╚═══════════════════════════════════════════════════════════╝[0m

[0;34m🗄️ MongoDB Direct Checks[0m
  • Total Users: 9
  • Total Companies: 0
  • Government Company: Found
  • Ledger Entries: 0

[0;35m╔═══════════════════════════════════════════════════════════╗[0m
[0;35m║  SECTION 4: SYSTEM INTEGRITY CHECKS                       ║[0m
[0;35m╚═══════════════════════════════════════════════════════════╝[0m

[0;34m🔍 Container Status[0m
NAME                             STATUS                       PORTS
mern-template-app-1              Up 2 minutes                 0.0.0.0:3000->3000/tcp
mern-template-auth-server-1      Up 39 minutes                0.0.0.0:3200->3200/tcp, [::]:3200->3200/tcp
mern-template-chat-server-1      Up About an hour             0.0.0.0:3300->3300/tcp, [::]:3300->3300/tcp
mern-template-economy-server-1   Up 2 minutes                 0.0.0.0:3400->3400/tcp, [::]:3400->3400/tcp
mern-template-mongo-1            Up About an hour (healthy)   0.0.0.0:27017->27017/tcp, [::]:27017->27017/tcp
mern-template-mongo-express-1    Up About an hour             0.0.0.0:8081->8081/tcp, [::]:8081->8081/tcp
mern-template-news-server-1      Up About an hour             0.0.0.0:3100->3100/tcp, [::]:3100->3100/tcp

[0;34m📊 Service Logs (Last 5 lines each)[0m
  Economy Server:
    economy-server-1  |     at companySchema.methods.canAffordSalary (/app/models/Company.js:369:23)
    economy-server-1  |     at /app/routes/economy.js:984:23
    economy-server-1  |     at process.processTicksAndRejections (node:internal/process/task_queues:105:5)
    economy-server-1  | [AntiFraudShield] Rate limit check for IP: 2a01:4f8:1c1b:de54::1
    economy-server-1  | [Auth] ✅ Token verified for user: TestJucator2026

  Auth Server:
    auth-server-1  | User logged in: zavozz
    auth-server-1  | [Login] Received request body: { email: 'testjucator@ovidiuguru.com', password: 'testparola2026' }
    auth-server-1  | User logged in: TestJucator2026
    auth-server-1  | [Login] Received request body: { email: 'testjucator@ovidiuguru.com', password: 'testparola2026' }
    auth-server-1  | User logged in: TestJucator2026

[0;35m╔═══════════════════════════════════════════════════════════╗[0m
[0;35m║  SECTION 5: SECURITY CHECKS                               ║[0m
[0;35m╚═══════════════════════════════════════════════════════════╝[0m

[0;34m🔒 Security Validation[0m
  [Test 13] Protected Endpoint (No Auth)... [0;32mPASS[0m (Correctly blocked: 401)
  [Test 14] Invalid JWT Rejection... [0;32mPASS[0m (Correctly rejected: 401)


╔════════════════════════════════════════════════════════════════╗
║                    TEST RESULTS SUMMARY                         ║
╠════════════════════════════════════════════════════════════════╣
║                                                                 ║
║  Status: [0;31m⚠️  SOME TESTS FAILED[0m                                   ║
║                                                                 ║
║  Tests Run:    14                                              ║
║  Passed:       11                                              ║
║  Failed:       3                                               ║
║  Success Rate: 78%                                             ║
║                                                                 ║
╚════════════════════════════════════════════════════════════════╝

[0;31m⚠️  FIX FAILED TESTS BEFORE DEPLOYMENT[0m
